// Jest Snapshot v1, https://goo.gl/fbAQLP

exports[`Test BookPage Component should render without error while mocking useContext 1`] = `
<Router
  history={
    Object {
      "action": "POP",
      "block": [Function],
      "canGo": [Function],
      "createHref": [Function],
      "entries": Array [
        Object {
          "hash": "",
          "key": "isb450",
          "pathname": "/",
          "search": "",
          "state": undefined,
        },
      ],
      "go": [Function],
      "goBack": [Function],
      "goForward": [Function],
      "index": 0,
      "length": 1,
      "listen": [Function],
      "location": Object {
        "hash": "",
        "key": "isb450",
        "pathname": "/",
        "search": "",
        "state": undefined,
      },
      "push": [Function],
      "replace": [Function],
    }
  }
>
  <BookPage />
</Router>
`;
